// Jest Snapshot v1, https://goo.gl/fbAQLP

exports[`Pruebas en <CounterApp /> debe coincidir con el snapshot 1`] = `
<div>
  <h1>
    Counter
  </h1>
  <h2
    class="counter"
  >
    100
  </h2>
  <div
    class="counter__buttons"
  >
    <button>
      -
    </button>
    <button>
      reset
    </button>
    <button>
      +
    </button>
  </div>
</div>
`;
