// Jest Snapshot v1, https://goo.gl/fbAQLP

exports[`Pruebas en <FirstApp /> debe coincidir con el snapshot 1`] = `
<div>
  <h1
    data-testid="test-title"
  >
    Hola, Mundo!
  </h1>
  <h2>
    No hay subt√≠tulo
  </h2>
  <p>
    Manuel Silenzi
  </p>
</div>
`;
